// Jest Snapshot v1, https://goo.gl/fbAQLP

exports[`<MooHeaderMainNav /> renders correct text and links 1`] = `
<Menu
  borderless={true}
  className="moo-menu-bar"
  floated={true}
>
  <MenuItem
    activeClassName="active"
    as={[Function]}
    to="/home"
  >
    Home
  </MenuItem>
  <MenuItem
    activeClassName="active"
    as={[Function]}
    to="/away"
  >
    Away
  </MenuItem>
</Menu>
`;
